   49183ms 11 ff 07 00 00 d8 00 00 00 00 00 00 00 00 00 00 00 00 00 00
   49257ms 02 00 00 ff 0f 00 00 00
   49276ms 02 00 00 ff 0f 00 00 00
   49423ms 02 00 00 ff 0f 00 00 00
   49783ms 02 00 00 01 f0 ff 00 00
   49800ms 02 00 00 00 f0 ff 00 00
   49872ms 02 00 00 fd 0f 00 00 00
   49890ms 02 00 00 fd ff ff 00 00
   49905ms 02 00 00 fb 0f 00 00 00
   49905ms 02 00 00 f9 0f 00 00 00
   49920ms 02 00 00 f9 0f 00 00 00
   49920ms 02 00 00 f9 ff ff 00 00
   49935ms 02 00 00 f8 0f 00 00 00
   49950ms 02 00 00 f7 ff ff 00 00
   49963ms 02 00 00 f8 0f 00 00 00
   49963ms 02 00 00 f8 0f 00 00 00
   49980ms 02 00 00 f7 ff ff 00 00
   49980ms 02 00 00 f8 0f 00 00 00
   49995ms 02 00 00 f8 ff ff 00 00
   50010ms 02 00 00 f8 0f 00 00 00
   50025ms 02 00 00 f9 0f 00 00 00
   50025ms 02 00 00 f9 0f 00 00 00
   50040ms 02 00 00 fa 0f 00 00 00
   50040ms 02 00 00 fb 1f 00 00 00
   50055ms 02 00 00 fb 0f 00 00 00
   50069ms 02 00 00 fd 0f 00 00 00
   50069ms 02 00 00 fd 0f 00 00 00
   50085ms 02 00 00 ff 0f 00 00 00
   50100ms 02 00 00 ff 0f 00 00 00
   50100ms 02 00 00 01 00 00 00 00
   50115ms 02 00 00 01 00 00 00 00
   50158ms 02 00 00 07 f0 ff 00 00
   50232ms 02 00 00 07 d0 ff 00 00
   50233ms 02 00 00 08 e0 ff 00 00
   50248ms 02 00 00 06 d0 ff 00 00
   50248ms 02 00 00 06 e0 ff 00 00
   50263ms 02 00 00 06 e0 ff 00 00
   50278ms 02 00 00 04 e0 ff 00 00
   50293ms 02 00 00 04 f0 ff 00 00
   50293ms 02 00 00 03 e0 ff 00 00
   50308ms 02 00 00 03 d0 ff 00 00
   50308ms 02 00 00 02 e0 ff 00 00
   50323ms 02 00 00 02 d0 ff 00 00
   50338ms 02 00 00 01 d0 ff 00 00
   50353ms 02 00 00 01 d0 ff 00 00
   50353ms 02 00 00 00 e0 ff 00 00
   50368ms 02 00 00 01 d0 ff 00 00
   50368ms 02 00 00 01 d0 ff 00 00
   50383ms 02 00 00 02 d0 ff 00 00
   50398ms 02 00 00 01 d0 ff 00 00
   50398ms 02 00 00 00 d0 ff 00 00
   50413ms 02 00 00 00 d0 ff 00 00
   50429ms 02 00 00 ff df ff 00 00
   50429ms 02 00 00 ff ef ff 00 00
   50443ms 02 00 00 ff ff ff 00 00
   50459ms 02 00 00 ff ef ff 00 00
   50460ms 02 00 00 ff ff ff 00 00
   50473ms 02 00 00 fe 0f 00 00 00
   50488ms 02 00 00 fd ff ff 00 00
   50503ms 02 00 00 fd 0f 00 00 00
   50504ms 02 00 00 fc ff ff 00 00
   50518ms 02 00 00 fc 0f 00 00 00
   50518ms 02 00 00 fb ff ff 00 00
   50533ms 02 00 00 fc 0f 00 00 00
   50548ms 02 00 00 fc 0f 00 00 00
   50563ms 02 00 00 fc 0f 00 00 00
   50563ms 02 00 00 fd 0f 00 00 00
   50579ms 02 00 00 fc 0f 00 00 00
   50579ms 02 00 00 fc 0f 00 00 00
   50595ms 02 00 00 fc 0f 00 00 00
   50610ms 02 00 00 fc 0f 00 00 00
   50625ms 02 00 00 fd 0f 00 00 00
   50625ms 02 00 00 fd 0f 00 00 00
   50640ms 02 00 00 fd 0f 00 00 00
   50640ms 02 00 00 fe 0f 00 00 00
   50655ms 02 00 00 ff 0f 00 00 00
   50670ms 02 00 00 fe 0f 00 00 00
   50746ms 02 00 00 03 00 00 00 00
   50821ms 02 00 00 06 00 00 00 00
   50835ms 02 00 00 07 f0 ff 00 00
   50835ms 02 00 00 07 00 00 00 00
   50850ms 02 00 00 07 f0 ff 00 00
   50850ms 02 00 00 06 00 00 00 00
   50865ms 02 00 00 07 f0 ff 00 00
   50880ms 02 00 00 07 f0 ff 00 00
   50895ms 02 00 00 06 00 00 00 00
   50895ms 02 00 00 06 f0 ff 00 00
   50910ms 02 00 00 06 f0 ff 00 00
   50910ms 02 00 00 06 f0 ff 00 00
   50925ms 02 00 00 06 f0 ff 00 00
   50940ms 02 00 00 05 f0 ff 00 00
   50955ms 02 00 00 05 f0 ff 00 00
   50955ms 02 00 00 04 f0 ff 00 00
   50970ms 02 00 00 04 e0 ff 00 00
   50970ms 02 00 00 03 f0 ff 00 00
   50985ms 02 00 00 03 f0 ff 00 00
   51000ms 02 00 00 02 f0 ff 00 00
   51001ms 02 00 00 02 f0 ff 00 00
   51015ms 02 00 00 02 f0 ff 00 00
   51031ms 02 00 00 02 f0 ff 00 00
   51046ms 02 00 00 01 f0 ff 00 00
   51046ms 02 00 00 ff ff ff 00 00
   51163ms 02 00 00 f9 0f 00 00 00
   51164ms 02 00 00 fa 1f 00 00 00
   51180ms 02 00 00 f9 0f 00 00 00
   51180ms 02 00 00 fa 1f 00 00 00
   51193ms 02 00 00 fa 0f 00 00 00
   51210ms 02 00 00 fa 0f 00 00 00
   51224ms 02 00 00 fa 0f 00 00 00
   51224ms 02 00 00 fb 0f 00 00 00
   51240ms 02 00 00 fb 0f 00 00 00
   51240ms 02 00 00 fc 0f 00 00 00
   51255ms 02 00 00 fc 0f 00 00 00
   51270ms 02 00 00 fe 0f 00 00 00
   51284ms 02 00 00 fe 0f 00 00 00
   51284ms 02 00 00 ff 0f 00 00 00
   51300ms 02 00 00 ff 0f 00 00 00
   51375ms 02 00 00 02 00 00 00 00
   51448ms 02 00 00 06 f0 ff 00 00
   51450ms 02 00 00 06 f0 ff 00 00
   51465ms 02 00 00 06 f0 ff 00 00
   51480ms 02 00 00 06 f0 ff 00 00
   51495ms 02 00 00 06 f0 ff 00 00
   51495ms 02 00 00 05 f0 ff 00 00
   51510ms 02 00 00 06 f0 ff 00 00
   51510ms 02 00 00 05 f0 ff 00 00
   51525ms 02 00 00 06 f0 ff 00 00
   51540ms 02 00 00 05 f0 ff 00 00
   51555ms 02 00 00 06 e0 ff 00 00
   51555ms 02 00 00 06 f0 ff 00 00
   51570ms 02 00 00 05 f0 ff 00 00
   51570ms 02 00 00 06 f0 ff 00 00
   51585ms 02 00 00 05 f0 ff 00 00
   51599ms 02 00 00 05 f0 ff 00 00
   51599ms 02 00 00 04 00 00 00 00
   51615ms 02 00 00 05 f0 ff 00 00
   51630ms 02 00 00 04 f0 ff 00 00
   51644ms 02 00 00 04 f0 ff 00 00
   51644ms 02 00 00 03 f0 ff 00 00
   51660ms 02 00 00 02 f0 ff 00 00
   51660ms 02 00 00 02 00 00 00 00
   51748ms 02 00 00 fd ff ff 00 00
   51823ms 02 00 00 f9 0f 00 00 00
   51824ms 02 00 00 f9 0f 00 00 00
   51840ms 02 00 00 f9 0f 00 00 00
   51840ms 02 00 00 f9 0f 00 00 00
   51855ms 02 00 00 f9 0f 00 00 00
   51870ms 02 00 00 f9 0f 00 00 00
   51885ms 02 00 00 f9 0f 00 00 00
   51885ms 02 00 00 f9 0f 00 00 00
   51900ms 02 00 00 fa 0f 00 00 00
   51900ms 02 00 00 fa 0f 00 00 00
   51915ms 02 00 00 fb 0f 00 00 00
   51930ms 02 00 00 fb 0f 00 00 00
   51930ms 02 00 00 fc 0f 00 00 00
   51945ms 02 00 00 fd 0f 00 00 00
   51960ms 02 00 00 fe 0f 00 00 00
   51975ms 02 00 00 fd 0f 00 00 00
   51975ms 02 00 00 ff 0f 00 00 00
   51990ms 02 00 00 ff 0f 00 00 00
   51990ms 02 00 00 ff 0f 00 00 00
   52063ms 02 00 00 03 00 00 00 00
   52153ms 02 00 00 06 f0 ff 00 00
   52154ms 02 00 00 06 f0 ff 00 00
   52170ms 02 00 00 06 f0 ff 00 00
   52170ms 02 00 00 05 f0 ff 00 00
   52185ms 02 00 00 06 00 00 00 00
   52200ms 02 00 00 06 f0 ff 00 00
   52214ms 02 00 00 06 00 00 00 00
   52214ms 02 00 00 05 f0 ff 00 00
   52230ms 02 00 00 06 00 00 00 00
   52245ms 02 00 00 06 f0 ff 00 00
   52245ms 02 00 00 06 f0 ff 00 00
   52260ms 02 00 00 05 f0 ff 00 00
   52260ms 02 00 00 05 f0 ff 00 00
   52275ms 02 00 00 05 00 00 00 00
   52290ms 02 00 00 03 f0 ff 00 00
   52305ms 02 00 00 04 00 00 00 00
   52305ms 02 00 00 02 00 00 00 00
   52318ms 02 00 00 02 00 00 00 00
   52318ms 02 00 00 02 00 00 00 00
   52335ms 02 00 00 01 00 00 00 00
   52407ms 02 00 00 fd 0f 00 00 00
   52482ms 02 00 00 fa 0f 00 00 00
   52483ms 02 00 00 fa 0f 00 00 00
   52498ms 02 00 00 fa 0f 00 00 00
   52513ms 02 00 00 fa 0f 00 00 00
   52513ms 02 00 00 fa 0f 00 00 00
   52529ms 02 00 00 fb 0f 00 00 00
   52529ms 02 00 00 f9 0f 00 00 00
   52544ms 02 00 00 fa 0f 00 00 00
   52559ms 02 00 00 f8 1f 00 00 00
   52573ms 02 00 00 f8 0f 00 00 00
   52573ms 02 00 00 f8 1f 00 00 00
   52588ms 02 00 00 f8 1f 00 00 00
   52588ms 02 00 00 f8 1f 00 00 00
   52603ms 02 00 00 f8 1f 00 00 00
   52618ms 02 00 00 f8 1f 00 00 00
   52633ms 02 00 00 fa 1f 00 00 00
   52633ms 02 00 00 fa 1f 00 00 00
   52648ms 02 00 00 fc 0f 00 00 00
   52663ms 02 00 00 fd 0f 00 00 00
   52678ms 02 00 00 fe 0f 00 00 00
   52752ms 02 00 00 05 f0 ff 00 00
   52812ms 02 00 00 09 00 00 00 00
   52813ms 02 00 00 09 00 00 00 00
   52830ms 02 00 00 09 00 00 00 00
   52844ms 02 00 00 0a 00 00 00 00
   52844ms 02 00 00 09 00 00 00 00
   52860ms 02 00 00 0a 00 00 00 00
   52860ms 02 00 00 0a 00 00 00 00
   52875ms 02 00 00 09 00 00 00 00
   52890ms 02 00 00 09 00 00 00 00
   52905ms 02 00 00 0a 00 00 00 00
   52905ms 02 00 00 09 00 00 00 00
   52920ms 02 00 00 0a 00 00 00 00
   52920ms 02 00 00 09 00 00 00 00
   52936ms 02 00 00 08 00 00 00 00
   52980ms 02 00 00 09 f0 ff 00 00
   52980ms 02 00 00 08 00 00 00 00
   52980ms 02 00 00 08 f0 ff 00 00
   52980ms 02 00 00 08 f0 ff 00 00
   52980ms 02 00 00 06 f0 ff 00 00
   52993ms 02 00 00 06 f0 ff 00 00
   53007ms 02 00 00 05 e0 ff 00 00
   53023ms 02 00 00 04 e0 ff 00 00
   53023ms 02 00 00 03 f0 ff 00 00
   53038ms 02 00 00 02 e0 ff 00 00
   53054ms 02 00 00 00 f0 ff 00 00
   53054ms 02 00 00 ff ff ff 00 00
   53067ms 02 00 00 ff 0f 00 00 00
   53083ms 02 00 00 ff ff ff 00 00
   53083ms 02 00 00 fe 0f 00 00 00
   53098ms 02 00 00 fc ff ff 00 00
   53114ms 02 00 00 fb ff ff 00 00
   53114ms 02 00 00 f9 0f 00 00 00
   53133ms 02 00 00 f8 ff ff 00 00
   53143ms 02 00 00 f7 0f 00 00 00
   53143ms 02 00 00 f7 0f 00 00 00
   53158ms 02 00 00 f7 0f 00 00 00
   53173ms 02 00 00 f7 0f 00 00 00
   53173ms 02 00 00 f7 0f 00 00 00
   53188ms 02 00 00 f8 0f 00 00 00
   53188ms 02 00 00 f7 0f 00 00 00
   53203ms 02 00 00 f6 1f 00 00 00
   53218ms 02 00 00 f6 0f 00 00 00
   53233ms 02 00 00 f5 1f 00 00 00
   53233ms 02 00 00 f6 1f 00 00 00
   53249ms 02 00 00 f6 1f 00 00 00
   53249ms 02 00 00 f7 1f 00 00 00
   53262ms 02 00 00 f7 1f 00 00 00
   53278ms 02 00 00 f7 1f 00 00 00
   53294ms 02 00 00 f7 1f 00 00 00
   53294ms 02 00 00 f7 1f 00 00 00
   53309ms 02 00 00 f8 1f 00 00 00
   53309ms 02 00 00 f8 1f 00 00 00
   53324ms 02 00 00 fa 0f 00 00 00
   53338ms 02 00 00 fb 0f 00 00 00
   53354ms 02 00 00 fc 0f 00 00 00
   53354ms 02 00 00 fe 0f 00 00 00
   53369ms 02 00 00 ff 0f 00 00 00
   53442ms 02 00 00 05 00 00 00 00
   53504ms 02 00 00 08 00 00 00 00
   53520ms 02 00 00 08 00 00 00 00
   53520ms 02 00 00 08 00 00 00 00
   53536ms 02 00 00 08 00 00 00 00
   53548ms 02 00 00 08 f0 ff 00 00
   53564ms 02 00 00 08 00 00 00 00
   53564ms 02 00 00 08 f0 ff 00 00
   53579ms 02 00 00 07 00 00 00 00
   53579ms 02 00 00 06 00 00 00 00
   53594ms 02 00 00 07 00 00 00 00
   53609ms 02 00 00 05 00 00 00 00
   53624ms 02 00 00 05 f0 ff 00 00
   53624ms 02 00 00 05 00 00 00 00
   53639ms 02 00 00 03 00 00 00 00
   53654ms 02 00 00 02 00 00 00 00
   53654ms 02 00 00 02 00 00 00 00
   53668ms 02 00 00 01 00 00 00 00
   53743ms 02 00 00 fc 0f 00 00 00
   53803ms 02 00 00 f9 0f 00 00 00
   53820ms 02 00 00 fa 0f 00 00 00
   53833ms 02 00 00 f9 0f 00 00 00
   53836ms 02 00 00 fa 0f 00 00 00
   53850ms 02 00 00 fa 0f 00 00 00
   53850ms 02 00 00 fb 0f 00 00 00
   53866ms 02 00 00 fa 0f 00 00 00
   53880ms 02 00 00 fc 0f 00 00 00
   53896ms 02 00 00 fb 0f 00 00 00
   53896ms 02 00 00 fc 0f 00 00 00
   53910ms 02 00 00 fc 0f 00 00 00
   53926ms 02 00 00 fc 0f 00 00 00
   53926ms 02 00 00 fd 0f 00 00 00
   53940ms 02 00 00 fc 0f 00 00 00
   53955ms 02 00 00 fe 0f 00 00 00
   53955ms 02 00 00 fd 0f 00 00 00
   53971ms 02 00 00 ff 0f 00 00 00
   53984ms 02 00 00 ff 0f 00 00 00
   53984ms 02 00 00 ff 0f 00 00 00
   54060ms 02 00 00 04 f0 ff 00 00
   54132ms 02 00 00 08 f0 ff 00 00
   54134ms 02 00 00 07 f0 ff 00 00
   54148ms 02 00 00 09 00 00 00 00
   54164ms 02 00 00 09 00 00 00 00
   54164ms 02 00 00 09 00 00 00 00
   54179ms 02 00 00 09 00 00 00 00
   54179ms 02 00 00 09 00 00 00 00
   54194ms 02 00 00 09 00 00 00 00
   54209ms 02 00 00 08 00 00 00 00
   54224ms 02 00 00 08 00 00 00 00
   54224ms 02 00 00 08 f0 ff 00 00
   54239ms 02 00 00 08 00 00 00 00
   54254ms 02 00 00 08 f0 ff 00 00
   54254ms 02 00 00 07 f0 ff 00 00
   54268ms 02 00 00 07 f0 ff 00 00
   54284ms 02 00 00 05 f0 ff 00 00
   54284ms 02 00 00 05 00 00 00 00
   54300ms 02 00 00 04 f0 ff 00 00
   54315ms 02 00 00 03 f0 ff 00 00
   54315ms 02 00 00 02 f0 ff 00 00
   54331ms 02 00 00 01 00 00 00 00
   54403ms 02 00 00 f9 0f 00 00 00
   54463ms 02 00 00 f4 1f 00 00 00
   54464ms 02 00 00 f4 2f 00 00 00
   54478ms 02 00 00 f4 2f 00 00 00
   54494ms 02 00 00 f4 2f 00 00 00
   54494ms 02 00 00 f4 2f 00 00 00
   54508ms 02 00 00 f4 2f 00 00 00
   54524ms 02 00 00 f5 2f 00 00 00
   54524ms 02 00 00 f5 2f 00 00 00
   54538ms 02 00 00 f7 2f 00 00 00
   54554ms 02 00 00 f8 1f 00 00 00
   54554ms 02 00 00 f8 2f 00 00 00
   54569ms 02 00 00 f9 1f 00 00 00
   54584ms 02 00 00 f9 1f 00 00 00
   54584ms 02 00 00 fa 1f 00 00 00
   54598ms 02 00 00 fc 1f 00 00 00
   54614ms 02 00 00 fd 1f 00 00 00
   54614ms 02 00 00 fe 0f 00 00 00
   54628ms 02 00 00 ff 0f 00 00 00
   54702ms 02 00 00 06 00 00 00 00
   54762ms 02 00 00 0e e0 ff 00 00
   54779ms 02 00 00 0e f0 ff 00 00
   54779ms 02 00 00 0e e0 ff 00 00
   54794ms 02 00 00 0f e0 ff 00 00
   54808ms 02 00 00 0f e0 ff 00 00
   54824ms 02 00 00 0f f0 ff 00 00
   54824ms 02 00 00 0f e0 ff 00 00
   54838ms 02 00 00 0f f0 ff 00 00
   54854ms 02 00 00 0f e0 ff 00 00
   54854ms 02 00 00 0f f0 ff 00 00
   54868ms 02 00 00 0e f0 ff 00 00
   54884ms 02 00 00 0c f0 ff 00 00
   54884ms 02 00 00 0a 00 00 00 00
   54898ms 02 00 00 07 00 00 00 00
   54914ms 02 00 00 03 00 00 00 00
   54914ms 02 00 00 01 00 00 00 00
   54928ms 02 00 00 fe 0f 00 00 00
   54944ms 02 00 00 fd 0f 00 00 00
   54987ms 02 00 00 f8 0f 00 00 00
   55047ms 02 00 00 f8 0f 00 00 00
   55049ms 02 00 00 f8 ff ff 00 00
   55063ms 02 00 00 f8 0f 00 00 00
   55079ms 02 00 00 f9 ff ff 00 00
   55094ms 02 00 00 f8 0f 00 00 00
   55094ms 02 00 00 f8 0f 00 00 00
   55108ms 02 00 00 f7 0f 00 00 00
   55124ms 02 00 00 f7 0f 00 00 00
   55124ms 02 00 00 f7 0f 00 00 00
   55138ms 02 00 00 f7 0f 00 00 00
   55155ms 02 00 00 f6 0f 00 00 00
   55155ms 02 00 00 f6 0f 00 00 00
   55168ms 02 00 00 f6 0f 00 00 00
   55184ms 02 00 00 f5 1f 00 00 00
   55184ms 02 00 00 f6 1f 00 00 00
   55198ms 02 00 00 f7 0f 00 00 00
   55214ms 02 00 00 f7 1f 00 00 00
   55214ms 02 00 00 f9 0f 00 00 00
   55228ms 02 00 00 f9 0f 00 00 00
   55244ms 02 00 00 fa 0f 00 00 00
   55244ms 02 00 00 f9 0f 00 00 00
   55259ms 02 00 00 fa 0f 00 00 00
   55276ms 02 00 00 fb 0f 00 00 00
   55276ms 02 00 00 fd 0f 00 00 00
   55289ms 02 00 00 fe 0f 00 00 00
   55306ms 02 00 00 ff 0f 00 00 00
   55380ms 02 00 00 05 f0 ff 00 00
   55452ms 02 00 00 0b f0 ff 00 00
   55455ms 02 00 00 0c 00 00 00 00
   55471ms 02 00 00 0c f0 ff 00 00
   55484ms 02 00 00 0b 00 00 00 00
   55484ms 02 00 00 09 00 00 00 00
   55498ms 02 00 00 08 00 00 00 00
   55514ms 02 00 00 06 00 00 00 00
   55514ms 02 00 00 04 00 00 00 00
   55528ms 02 00 00 03 00 00 00 00
   55545ms 02 00 00 02 f0 ff 00 00
   55618ms 02 00 00 fa 0f 00 00 00
   55678ms 02 00 00 f6 ff ff 00 00
   55695ms 02 00 00 f6 ef ff 00 00
   55695ms 02 00 00 f7 ff ff 00 00
   55710ms 02 00 00 f7 0f 00 00 00
   55726ms 02 00 00 f7 0f 00 00 00
   55726ms 02 00 00 f6 0f 00 00 00
   55740ms 02 00 00 f6 0f 00 00 00
   55756ms 02 00 00 f6 1f 00 00 00
   55756ms 02 00 00 f4 1f 00 00 00
   55771ms 02 00 00 f5 1f 00 00 00
   55784ms 02 00 00 f6 1f 00 00 00
   55785ms 02 00 00 f6 1f 00 00 00
   55799ms 02 00 00 f8 0f 00 00 00
   55814ms 02 00 00 f9 1f 00 00 00
   55814ms 02 00 00 fa 0f 00 00 00
   55831ms 02 00 00 fd 0f 00 00 00
   55846ms 02 00 00 fe 0f 00 00 00
   55847ms 02 00 00 ff 0f 00 00 00
   55861ms 02 00 00 01 00 00 00 00
   55876ms 02 00 00 01 00 00 00 00
   55918ms 02 00 00 09 f0 ff 00 00
   55978ms 02 00 00 0b f0 ff 00 00
   55996ms 02 00 00 0b e0 ff 00 00
   55996ms 02 00 00 0d e0 ff 00 00
   56009ms 02 00 00 0c f0 ff 00 00
   56025ms 02 00 00 0c e0 ff 00 00
   56025ms 02 00 00 0b f0 ff 00 00
   56040ms 02 00 00 0a f0 ff 00 00
   56054ms 02 00 00 09 f0 ff 00 00
   56054ms 02 00 00 08 f0 ff 00 00
   56071ms 02 00 00 07 00 00 00 00
   56086ms 02 00 00 06 00 00 00 00
   56086ms 02 00 00 05 00 00 00 00
   56100ms 02 00 00 02 00 00 00 00
   56188ms 02 00 00 fa ff ff 00 00
   56248ms 02 00 00 f8 0f 00 00 00
   56249ms 02 00 00 f8 0f 00 00 00
   56265ms 02 00 00 f8 0f 00 00 00
   56265ms 02 00 00 f9 1f 00 00 00
   56280ms 02 00 00 f8 1f 00 00 00
   56294ms 02 00 00 f9 1f 00 00 00
   56294ms 02 00 00 f8 1f 00 00 00
   56309ms 02 00 00 f9 1f 00 00 00
   56325ms 02 00 00 f8 1f 00 00 00
   56325ms 02 00 00 f9 2f 00 00 00
   56340ms 02 00 00 f8 1f 00 00 00
   56356ms 02 00 00 f9 1f 00 00 00
   56356ms 02 00 00 fa 1f 00 00 00
   56371ms 02 00 00 fb 0f 00 00 00
   56385ms 02 00 00 fd 1f 00 00 00
   56385ms 02 00 00 fd 0f 00 00 00
   56400ms 02 00 00 ff 1f 00 00 00
   56414ms 02 00 00 ff 1f 00 00 00
   56473ms 02 00 00 04 00 00 00 00
   56548ms 02 00 00 07 f0 ff 00 00
   56566ms 02 00 00 07 f0 ff 00 00
   56566ms 02 00 00 08 f0 ff 00 00
   56580ms 02 00 00 08 f0 ff 00 00
   56596ms 02 00 00 08 00 00 00 00
   56597ms 02 00 00 07 f0 ff 00 00
   56610ms 02 00 00 08 f0 ff 00 00
   56625ms 02 00 00 07 00 00 00 00
   56625ms 02 00 00 06 f0 ff 00 00
   56641ms 02 00 00 06 00 00 00 00
   56656ms 02 00 00 06 f0 ff 00 00
   56656ms 02 00 00 06 00 00 00 00
   56670ms 02 00 00 04 f0 ff 00 00
   56686ms 02 00 00 04 f0 ff 00 00
   56686ms 02 00 00 03 f0 ff 00 00
   56701ms 02 00 00 03 f0 ff 00 00
   56716ms 02 00 00 01 f0 ff 00 00
   56716ms 02 00 00 00 f0 ff 00 00
   56730ms 02 00 00 00 f0 ff 00 00
   56746ms 02 00 00 ff 0f 00 00 00
   56848ms 02 00 00 f8 0f 00 00 00
   56865ms 02 00 00 f7 0f 00 00 00
   56865ms 02 00 00 f6 1f 00 00 00
   56880ms 02 00 00 f6 1f 00 00 00
   56894ms 02 00 00 f5 1f 00 00 00
   56894ms 02 00 00 f6 1f 00 00 00
   56911ms 02 00 00 f6 0f 00 00 00
   56925ms 02 00 00 f8 1f 00 00 00
   56925ms 02 00 00 f9 0f 00 00 00
   56939ms 02 00 00 fb 1f 00 00 00
   56956ms 02 00 00 fb 0f 00 00 00
   56956ms 02 00 00 fc 0f 00 00 00
   56970ms 02 00 00 fc 0f 00 00 00
   56985ms 02 00 00 fd 0f 00 00 00
   56985ms 02 00 00 fe 0f 00 00 00
   57000ms 02 00 00 fe 0f 00 00 00
   57073ms 02 00 00 05 00 00 00 00
   57132ms 02 00 00 08 10 00 00 00
   57152ms 02 00 00 08 00 00 00 00
   57166ms 02 00 00 08 00 00 00 00
   57166ms 02 00 00 08 00 00 00 00
   57181ms 02 00 00 08 00 00 00 00
   57196ms 02 00 00 08 00 00 00 00
   57196ms 02 00 00 08 00 00 00 00
   57212ms 02 00 00 07 00 00 00 00
   57225ms 02 00 00 07 00 00 00 00
   57225ms 02 00 00 05 00 00 00 00
   57240ms 02 00 00 05 00 00 00 00
   57256ms 02 00 00 04 00 00 00 00
   57256ms 02 00 00 03 00 00 00 00
   57270ms 02 00 00 03 00 00 00 00
   57284ms 02 00 00 02 00 00 00 00
   57284ms 02 00 00 01 00 00 00 00
   57360ms 02 00 00 fc 0f 00 00 00
   57418ms 02 00 00 f9 0f 00 00 00
   57435ms 02 00 00 f8 0f 00 00 00
   57435ms 02 00 00 f9 0f 00 00 00
   57451ms 02 00 00 f9 0f 00 00 00
   57466ms 02 00 00 fa 0f 00 00 00
   57466ms 02 00 00 f9 0f 00 00 00
   57480ms 02 00 00 fa 0f 00 00 00
   57497ms 02 00 00 fa 0f 00 00 00
   57497ms 02 00 00 fa 1f 00 00 00
   57510ms 02 00 00 fb 0f 00 00 00
   57525ms 02 00 00 fb 1f 00 00 00
   57525ms 02 00 00 fb 0f 00 00 00
   57540ms 02 00 00 fd 0f 00 00 00
   57553ms 02 00 00 ff 1f 00 00 00
   57553ms 02 00 00 ff 0f 00 00 00
   57628ms 02 00 00 03 00 00 00 00
   57703ms 02 00 00 06 00 00 00 00
   57704ms 02 00 00 06 10 00 00 00
   57721ms 02 00 00 07 00 00 00 00
   57734ms 02 00 00 07 10 00 00 00
   57734ms 02 00 00 07 00 00 00 00
   57749ms 02 00 00 06 00 00 00 00
   57764ms 02 00 00 07 00 00 00 00
   57764ms 02 00 00 06 00 00 00 00
   57781ms 02 00 00 05 00 00 00 00
   57796ms 02 00 00 05 00 00 00 00
   57796ms 02 00 00 03 00 00 00 00
   57809ms 02 00 00 03 f0 ff 00 00
   57824ms 02 00 00 02 00 00 00 00
   57824ms 02 00 00 01 f0 ff 00 00
   57838ms 02 00 00 01 00 00 00 00
   57855ms 02 00 00 00 f0 ff 00 00
   57913ms 02 00 00 fd 0f 00 00 00
   57988ms 02 00 00 f9 0f 00 00 00
   57989ms 02 00 00 f9 0f 00 00 00
   58006ms 02 00 00 f8 0f 00 00 00
   58006ms 02 00 00 f8 1f 00 00 00
   58019ms 02 00 00 f9 0f 00 00 00
   58036ms 02 00 00 f8 1f 00 00 00
   58036ms 02 00 00 f8 1f 00 00 00
   58050ms 02 00 00 f8 1f 00 00 00
   58066ms 02 00 00 f8 2f 00 00 00
   58066ms 02 00 00 f8 1f 00 00 00
   58078ms 02 00 00 f9 2f 00 00 00
   58094ms 02 00 00 fa 1f 00 00 00
   58094ms 02 00 00 fb 1f 00 00 00
   58110ms 02 00 00 fc 1f 00 00 00
   58126ms 02 00 00 fd 2f 00 00 00
   58126ms 02 00 00 fe 1f 00 00 00
   58141ms 02 00 00 ff 1f 00 00 00
   58155ms 02 00 00 00 10 00 00 00
   58156ms 02 00 00 01 00 00 00 00
   58170ms 02 00 00 01 00 00 00 00
   58184ms 02 00 00 01 00 00 00 00
   58184ms 02 00 00 02 10 00 00 00
   58199ms 02 00 00 03 00 00 00 00
   58215ms 02 00 00 04 10 00 00 00
   58215ms 02 00 00 04 10 00 00 00
   58231ms 02 00 00 05 10 00 00 00
   58246ms 02 00 00 05 10 00 00 00
   58246ms 02 00 00 05 10 00 00 00
   58258ms 02 00 00 06 10 00 00 00
   58276ms 02 00 00 05 00 00 00 00
   58276ms 02 00 00 06 00 00 00 00
   58290ms 02 00 00 05 00 00 00 00
   58304ms 02 00 00 06 00 00 00 00
   58304ms 02 00 00 05 f0 ff 00 00
   58320ms 02 00 00 05 00 00 00 00
   58335ms 02 00 00 05 f0 ff 00 00
   58335ms 02 00 00 05 f0 ff 00 00
   58350ms 02 00 00 04 00 00 00 00
   58365ms 02 00 00 05 f0 ff 00 00
   58365ms 02 00 00 04 f0 ff 00 00
   58380ms 02 00 00 04 f0 ff 00 00
   58396ms 02 00 00 03 f0 ff 00 00
   58396ms 02 00 00 03 e0 ff 00 00
   58411ms 02 00 00 02 e0 ff 00 00
   58424ms 02 00 00 01 e0 ff 00 00
   58425ms 02 00 00 00 e0 ff 00 00
   58476ms 02 00 00 00 e0 ff 00 00
   58477ms 02 00 00 00 e0 ff 00 00
   58477ms 02 00 00 ff ef ff 00 00
   58477ms 02 00 00 ff ef ff 00 00
   58483ms 02 00 00 fe ef ff 00 00
   58483ms 02 00 00 fe ef ff 00 00
   58499ms 02 00 00 fd ff ff 00 00
   58514ms 02 00 00 fc ff ff 00 00
   58514ms 02 00 00 fb ff ff 00 00
   58529ms 02 00 00 fb 0f 00 00 00
   58543ms 02 00 00 fa 0f 00 00 00
   58543ms 02 00 00 f9 0f 00 00 00
   58558ms 02 00 00 f9 1f 00 00 00
   58574ms 02 00 00 f9 1f 00 00 00
   58574ms 02 00 00 f9 1f 00 00 00
   58589ms 02 00 00 f9 1f 00 00 00
   58603ms 02 00 00 fa 1f 00 00 00
   58603ms 02 00 00 fb 2f 00 00 00
   58620ms 02 00 00 fc 1f 00 00 00
   58635ms 02 00 00 fc 1f 00 00 00
   58635ms 02 00 00 fe 1f 00 00 00
   58649ms 02 00 00 ff 1f 00 00 00
   58664ms 02 00 00 ff 1f 00 00 00
   58664ms 02 00 00 01 10 00 00 00
   58678ms 02 00 00 01 00 00 00 00
   58800ms 02 00 00 06 00 00 00 00
   58800ms 02 00 00 06 00 00 00 00
   58814ms 02 00 00 06 00 00 00 00
   58815ms 02 00 00 05 00 00 00 00
   58830ms 02 00 00 04 f0 ff 00 00
   58845ms 02 00 00 05 00 00 00 00
   58845ms 02 00 00 03 f0 ff 00 00
   58859ms 02 00 00 03 f0 ff 00 00
   58874ms 02 00 00 04 e0 ff 00 00
   58874ms 02 00 00 03 e0 ff 00 00
   58891ms 02 00 00 02 f0 ff 00 00
   58906ms 02 00 00 03 e0 ff 00 00
   58906ms 02 00 00 01 e0 ff 00 00
   58920ms 02 00 00 01 e0 ff 00 00
   58933ms 02 00 00 00 e0 ff 00 00
   58935ms 02 00 00 00 e0 ff 00 00
   58950ms 02 00 00 ff ff ff 00 00
   58965ms 02 00 00 ff ef ff 00 00
   58980ms 02 00 00 fe ff ff 00 00
   58980ms 02 00 00 fe ff ff 00 00
   58995ms 02 00 00 fd ff ff 00 00
   58995ms 02 00 00 fc 0f 00 00 00
   59010ms 02 00 00 fb 0f 00 00 00
   59026ms 02 00 00 fb 0f 00 00 00
   59040ms 02 00 00 fa 0f 00 00 00
   59041ms 02 00 00 fa 1f 00 00 00
   59054ms 02 00 00 fa 0f 00 00 00
   59054ms 02 00 00 fa 1f 00 00 00
   59070ms 02 00 00 fb 2f 00 00 00
   59085ms 02 00 00 fb 1f 00 00 00
   59086ms 02 00 00 fb 2f 00 00 00
   59101ms 02 00 00 fb 3f 00 00 00
   59115ms 02 00 00 fd 2f 00 00 00
   59115ms 02 00 00 fe 3f 00 00 00
   59130ms 02 00 00 fe 2f 00 00 00
   59145ms 02 00 00 ff 3f 00 00 00
   59146ms 02 00 00 00 20 00 00 00
   59160ms 02 00 00 01 20 00 00 00
   59176ms 02 00 00 02 20 00 00 00
   59176ms 02 00 00 02 10 00 00 00
   59189ms 02 00 00 03 10 00 00 00
   59205ms 02 00 00 03 10 00 00 00
   59205ms 02 00 00 03 10 00 00 00
   59220ms 02 00 00 03 10 00 00 00
   59235ms 02 00 00 04 10 00 00 00
   59236ms 02 00 00 03 10 00 00 00
   59250ms 02 00 00 03 10 00 00 00
   59266ms 02 00 00 03 10 00 00 00
   59266ms 02 00 00 03 00 00 00 00
   59279ms 02 00 00 04 00 00 00 00
   59296ms 02 00 00 03 00 00 00 00
   59311ms 02 00 00 04 00 00 00 00
   59311ms 02 00 00 04 00 00 00 00
   59325ms 02 00 00 04 00 00 00 00
   59325ms 02 00 00 03 00 00 00 00
   59340ms 02 00 00 04 00 00 00 00
   59353ms 02 00 00 04 f0 ff 00 00
   59356ms 02 00 00 04 f0 ff 00 00
   59371ms 02 00 00 03 e0 ff 00 00
   59384ms 02 00 00 03 e0 ff 00 00
   59384ms 02 00 00 03 e0 ff 00 00
   59401ms 02 00 00 03 d0 ff 00 00
   59416ms 02 00 00 02 e0 ff 00 00
   59416ms 02 00 00 02 d0 ff 00 00
   59430ms 02 00 00 01 d0 ff 00 00
   59446ms 02 00 00 01 d0 ff 00 00
   59446ms 02 00 00 00 e0 ff 00 00
   59460ms 02 00 00 ff df ff 00 00
   59474ms 02 00 00 ff df ff 00 00
   59474ms 02 00 00 ff ef ff 00 00
   59489ms 02 00 00 fe ef ff 00 00
   59506ms 02 00 00 ff ff ff 00 00
   59506ms 02 00 00 fe ef ff 00 00
   59520ms 02 00 00 fe ff ff 00 00
   59535ms 02 00 00 fe ff ff 00 00
   59535ms 02 00 00 fe ff ff 00 00
   59550ms 02 00 00 ff 0f 00 00 00
   59566ms 02 00 00 fe 0f 00 00 00
   59581ms 02 00 00 ff 0f 00 00 00
   59581ms 02 00 00 ff 0f 00 00 00
   59595ms 02 00 00 ff 0f 00 00 00
   59803ms 02 00 00 01 00 00 00 00
   59938ms 02 00 00 00 10 00 00 00
   59957ms 02 00 00 00 10 00 00 00
   60016ms 02 00 00 01 00 00 00 00
   60030ms 02 00 00 01 00 00 00 00
   60268ms 02 00 00 ff 0f 00 00 00
   60345ms 02 00 00 fc 1f 00 00 00
   60360ms 02 00 00 fd 2f 00 00 00
   60376ms 02 00 00 fd 2f 00 00 00
   60376ms 02 00 00 fd 1f 00 00 00
   60389ms 02 00 00 fe 2f 00 00 00
   60405ms 02 00 00 ff 2f 00 00 00
   60405ms 02 00 00 00 10 00 00 00
   60420ms 02 00 00 00 20 00 00 00
   60436ms 02 00 00 01 10 00 00 00
   60450ms 02 00 00 01 10 00 00 00
   60450ms 02 00 00 02 20 00 00 00
   60465ms 02 00 00 03 10 00 00 00
   60465ms 02 00 00 04 20 00 00 00
   60480ms 02 00 00 05 20 00 00 00
   60496ms 02 00 00 06 20 00 00 00
   60510ms 02 00 00 07 20 00 00 00
   60510ms 02 00 00 07 20 00 00 00
   60525ms 02 00 00 07 10 00 00 00
   60525ms 02 00 00 07 20 00 00 00
   60539ms 02 00 00 06 10 00 00 00
   60556ms 02 00 00 07 10 00 00 00
   60570ms 02 00 00 06 00 00 00 00
   60570ms 02 00 00 06 00 00 00 00
   60585ms 02 00 00 06 00 00 00 00
   60585ms 02 00 00 05 00 00 00 00
   60600ms 02 00 00 05 00 00 00 00
   60614ms 02 00 00 05 00 00 00 00
   60614ms 02 00 00 03 f0 ff 00 00
   60630ms 02 00 00 04 00 00 00 00
   60646ms 02 00 00 02 f0 ff 00 00
   60646ms 02 00 00 03 00 00 00 00
   60661ms 02 00 00 02 f0 ff 00 00
   60751ms 02 00 00 fb ff ff 00 00
   60808ms 02 00 00 f8 0f 00 00 00
   60810ms 02 00 00 fa 0f 00 00 00
   60825ms 02 00 00 fa 0f 00 00 00
   60840ms 02 00 00 fa 0f 00 00 00
   60840ms 02 00 00 fb 0f 00 00 00
   60856ms 02 00 00 fb 0f 00 00 00
   60856ms 02 00 00 fc 0f 00 00 00
   60871ms 02 00 00 fd 0f 00 00 00
   60886ms 02 00 00 fd 0f 00 00 00
   60900ms 02 00 00 fe 0f 00 00 00
   60900ms 02 00 00 fe 0f 00 00 00
   60915ms 02 00 00 ff 0f 00 00 00
   60915ms 02 00 00 01 00 00 00 00
   60989ms 02 00 00 05 00 00 00 00
   61048ms 02 00 00 07 00 00 00 00
   61051ms 02 00 00 07 00 00 00 00
   61066ms 02 00 00 07 00 00 00 00
   61066ms 02 00 00 06 f0 ff 00 00
   61080ms 02 00 00 06 00 00 00 00
   61095ms 02 00 00 06 f0 ff 00 00
   61111ms 02 00 00 05 f0 ff 00 00
   61111ms 02 00 00 05 f0 ff 00 00
   61125ms 02 00 00 04 f0 ff 00 00
   61125ms 02 00 00 03 f0 ff 00 00
   61141ms 02 00 00 02 f0 ff 00 00
   61156ms 02 00 00 02 f0 ff 00 00
   61170ms 02 00 00 00 f0 ff 00 00
   61245ms 02 00 00 fd 0f 00 00 00
   61288ms 02 00 00 f8 0f 00 00 00
   61306ms 02 00 00 f7 0f 00 00 00
   61321ms 02 00 00 f6 0f 00 00 00
   61321ms 02 00 00 f6 0f 00 00 00
   61334ms 02 00 00 f6 0f 00 00 00
   61334ms 02 00 00 f7 0f 00 00 00
   61350ms 02 00 00 f7 0f 00 00 00
   61367ms 02 00 00 f8 1f 00 00 00
   61380ms 02 00 00 f8 0f 00 00 00
   61380ms 02 00 00 fa 1f 00 00 00
   61395ms 02 00 00 fb 0f 00 00 00
   61395ms 02 00 00 fb 0f 00 00 00
   61411ms 02 00 00 fd 0f 00 00 00
   61425ms 02 00 00 fe 0f 00 00 00
   61440ms 02 00 00 fe 0f 00 00 00
   61513ms 02 00 00 02 00 00 00 00
   61588ms 02 00 00 06 00 00 00 00
   61590ms 02 00 00 06 00 00 00 00
   61605ms 02 00 00 06 f0 ff 00 00
   61605ms 02 00 00 06 00 00 00 00
   61620ms 02 00 00 07 f0 ff 00 00
   61635ms 02 00 00 06 f0 ff 00 00
   61651ms 02 00 00 06 00 00 00 00
   61651ms 02 00 00 06 f0 ff 00 00
   61665ms 02 00 00 06 00 00 00 00
   61665ms 02 00 00 05 f0 ff 00 00
   61681ms 02 00 00 05 00 00 00 00
   61696ms 02 00 00 05 f0 ff 00 00
   61711ms 02 00 00 05 00 00 00 00
   61711ms 02 00 00 03 f0 ff 00 00
   61726ms 02 00 00 03 00 00 00 00
   61726ms 02 00 00 02 f0 ff 00 00
   61814ms 02 00 00 fd 0f 00 00 00
   61888ms 02 00 00 fa 0f 00 00 00
   61889ms 02 00 00 f9 0f 00 00 00
   61906ms 02 00 00 f9 0f 00 00 00
   61920ms 02 00 00 f9 0f 00 00 00
   61920ms 02 00 00 fa 0f 00 00 00
   61936ms 02 00 00 fa 0f 00 00 00
   61936ms 02 00 00 fb 0f 00 00 00
   61949ms 02 00 00 fb 0f 00 00 00
   61964ms 02 00 00 fd 0f 00 00 00
   61980ms 02 00 00 fe 0f 00 00 00
   61980ms 02 00 00 fe 0f 00 00 00
   62067ms 02 00 00 05 f0 ff 00 00
   62128ms 02 00 00 08 00 00 00 00
   62130ms 02 00 00 08 00 00 00 00
   62146ms 02 00 00 0a 00 00 00 00
   62146ms 02 00 00 0b 00 00 00 00
   62160ms 02 00 00 0b f0 ff 00 00
   62177ms 02 00 00 0c f0 ff 00 00
   62190ms 02 00 00 0c 00 00 00 00
   62191ms 02 00 00 0a 00 00 00 00
   62205ms 02 00 00 0a 00 00 00 00
   62205ms 02 00 00 0a 00 00 00 00
   62221ms 02 00 00 08 00 00 00 00
   62235ms 02 00 00 07 00 00 00 00
   62250ms 02 00 00 05 10 00 00 00
   62250ms 02 00 00 03 00 00 00 00
   62265ms 02 00 00 01 10 00 00 00
   62265ms 02 00 00 ff 1f 00 00 00
   62280ms 02 00 00 fe 1f 00 00 00
   62296ms 02 00 00 fe 1f 00 00 00
   62310ms 02 00 00 fd 1f 00 00 00
   62310ms 02 00 00 fb 1f 00 00 00
   62325ms 02 00 00 f9 1f 00 00 00
   62325ms 02 00 00 f9 0f 00 00 00
   62341ms 02 00 00 f7 1f 00 00 00
   62354ms 02 00 00 f7 0f 00 00 00
   62368ms 02 00 00 f6 1f 00 00 00
   62368ms 02 00 00 f5 0f 00 00 00
   62385ms 02 00 00 f5 0f 00 00 00
   62385ms 02 00 00 f5 0f 00 00 00
   62400ms 02 00 00 f5 0f 00 00 00
   62416ms 02 00 00 f7 0f 00 00 00
   62430ms 02 00 00 f8 0f 00 00 00
   62430ms 02 00 00 f9 0f 00 00 00
   62445ms 02 00 00 fa 0f 00 00 00
   62458ms 02 00 00 fa 0f 00 00 00
   62458ms 02 00 00 fa 0f 00 00 00
   62475ms 02 00 00 fb 0f 00 00 00
   62475ms 02 00 00 fb 0f 00 00 00
   62490ms 02 00 00 fc 0f 00 00 00
   62506ms 02 00 00 fd 0f 00 00 00
   62521ms 02 00 00 fe 0f 00 00 00
   62521ms 02 00 00 ff 0f 00 00 00
   62607ms 02 00 00 04 00 00 00 00
   62667ms 02 00 00 05 f0 ff 00 00
   62684ms 02 00 00 05 00 00 00 00
   62699ms 02 00 00 05 00 00 00 00
   62699ms 02 00 00 04 00 00 00 00
   62714ms 02 00 00 03 00 00 00 00
   62714ms 02 00 00 03 00 00 00 00
   62729ms 02 00 00 03 00 00 00 00
   62729ms 02 00 00 01 00 00 00 00
   62744ms 02 00 00 02 00 00 00 00
   62759ms 02 00 00 01 00 00 00 00
   62759ms 02 00 00 01 00 00 00 00
   62774ms 02 00 00 01 00 00 00 00
   62789ms 02 00 00 01 00 00 00 00
   73693ms 02 00 00 02 e0 ff 00 00
   73737ms 11 ff 07 00 00 00 00 00 00 00 00 00 00 00 00 00 00 00 00 00
