   32684ms 11 ff 07 00 00 df 00 00 00 00 00 00 00 00 00 00 00 00 00 00
   32743ms 11 ff 07 00 00 00 00 00 00 00 00 00 00 00 00 00 00 00 00 00
   35459ms 11 ff 07 00 00 da 00 00 00 00 00 00 00 00 00 00 00 00 00 00
   37679ms 11 ff 07 00 00 00 00 00 00 00 00 00 00 00 00 00 00 00 00 00
   40439ms 11 ff 07 00 00 dc 00 00 00 00 00 00 00 00 00 00 00 00 00 00
   42239ms 11 ff 07 00 00 00 00 00 00 00 00 00 00 00 00 00 00 00 00 00
   46123ms 01 00 4f 00 00 00 00 00
   46183ms 01 00 00 00 00 00 00 00
   47293ms 01 00 50 00 00 00 00 00
   47354ms 01 00 00 00 00 00 00 00
   52063ms 02 01 00 00 00 00 00 00
   52123ms 02 00 00 00 00 00 00 00
   55439ms 11 ff 07 00 00 d8 00 00 00 00 00 00 00 00 00 00 00 00 00 00
   55604ms 02 00 00 ff 0f 00 00 00
   55620ms 02 00 00 ff 0f 00 00 00
   55620ms 02 00 00 fe 0f 00 00 00
   55635ms 02 00 00 fe 0f 00 00 00
   55650ms 02 00 00 fe 0f 00 00 00
   55650ms 02 00 00 fd 0f 00 00 00
   55665ms 02 00 00 fd 0f 00 00 00
   55680ms 02 00 00 fc 0f 00 00 00
   55680ms 02 00 00 fc 0f 00 00 00
   55695ms 02 00 00 fb 0f 00 00 00
   55710ms 02 00 00 fb 1f 00 00 00
   55710ms 02 00 00 fc 0f 00 00 00
   55725ms 02 00 00 fc 0f 00 00 00
   55741ms 02 00 00 fd 0f 00 00 00
   55741ms 02 00 00 fd 0f 00 00 00
   55756ms 02 00 00 fd 0f 00 00 00
   55771ms 02 00 00 fc 0f 00 00 00
   55771ms 02 00 00 fd 1f 00 00 00
   55785ms 02 00 00 fc 0f 00 00 00
   55800ms 02 00 00 fe 1f 00 00 00
   55800ms 02 00 00 fe 0f 00 00 00
   55815ms 02 00 00 ff 0f 00 00 00
   55919ms 02 00 00 01 00 00 00 00
   56026ms 02 00 00 07 f0 ff 00 00
   56026ms 02 00 00 06 e0 ff 00 00
   56040ms 02 00 00 06 f0 ff 00 00
   56041ms 02 00 00 05 f0 ff 00 00
   56056ms 02 00 00 05 f0 ff 00 00
   56071ms 02 00 00 04 f0 ff 00 00
   56071ms 02 00 00 03 f0 ff 00 00
   56085ms 02 00 00 03 f0 ff 00 00
   56100ms 02 00 00 03 00 00 00 00
   56100ms 02 00 00 02 f0 ff 00 00
   56115ms 02 00 00 02 00 00 00 00
   56130ms 02 00 00 01 f0 ff 00 00
   56130ms 02 00 00 01 00 00 00 00
   56204ms 02 00 00 fe 0f 00 00 00
   56279ms 02 00 00 fa 1f 00 00 00
   56280ms 02 00 00 fa 0f 00 00 00
   56295ms 02 00 00 fa 1f 00 00 00
   56310ms 02 00 00 f9 1f 00 00 00
   56310ms 02 00 00 f9 1f 00 00 00
   56325ms 02 00 00 fa 1f 00 00 00
   56341ms 02 00 00 f9 1f 00 00 00
   56341ms 02 00 00 fb 1f 00 00 00
   56356ms 02 00 00 fb 1f 00 00 00
   56371ms 02 00 00 fc 1f 00 00 00
   56371ms 02 00 00 fc 1f 00 00 00
   56385ms 02 00 00 fe 0f 00 00 00
   56400ms 02 00 00 ff 1f 00 00 00
   56415ms 02 00 00 ff 0f 00 00 00
   56415ms 02 00 00 01 00 00 00 00
   56474ms 02 00 00 04 f0 ff 00 00
   56533ms 02 00 00 07 00 00 00 00
   56550ms 02 00 00 06 f0 ff 00 00
   56550ms 02 00 00 06 00 00 00 00
   56565ms 02 00 00 07 f0 ff 00 00
   56580ms 02 00 00 06 f0 ff 00 00
   56580ms 02 00 00 06 f0 ff 00 00
   56595ms 02 00 00 06 e0 ff 00 00
   56610ms 02 00 00 06 f0 ff 00 00
   56610ms 02 00 00 05 f0 ff 00 00
   56625ms 02 00 00 05 f0 ff 00 00
   56650ms 02 00 00 04 f0 ff 00 00
   56650ms 02 00 00 04 f0 ff 00 00
   56656ms 02 00 00 04 00 00 00 00
   56671ms 02 00 00 04 f0 ff 00 00
   56671ms 02 00 00 03 00 00 00 00
   56685ms 02 00 00 04 00 00 00 00
   56700ms 02 00 00 02 00 00 00 00
   56700ms 02 00 00 01 00 00 00 00
   56715ms 02 00 00 01 00 00 00 00
   56788ms 02 00 00 fb 0f 00 00 00
   56849ms 02 00 00 f9 1f 00 00 00
   56850ms 02 00 00 f9 1f 00 00 00
   56865ms 02 00 00 f8 1f 00 00 00
   56880ms 02 00 00 f9 0f 00 00 00
   56880ms 02 00 00 fa 1f 00 00 00
   56895ms 02 00 00 f9 0f 00 00 00
   56910ms 02 00 00 fb 0f 00 00 00
   56910ms 02 00 00 fa 0f 00 00 00
   56926ms 02 00 00 fc 0f 00 00 00
   56940ms 02 00 00 fd 0f 00 00 00
   56940ms 02 00 00 fd 0f 00 00 00
   56955ms 02 00 00 ff 0f 00 00 00
   57043ms 02 00 00 05 f0 ff 00 00
   57104ms 02 00 00 07 00 00 00 00
   57105ms 02 00 00 08 f0 ff 00 00
   57121ms 02 00 00 08 f0 ff 00 00
   57121ms 02 00 00 08 00 00 00 00
   57136ms 02 00 00 07 f0 ff 00 00
   57151ms 02 00 00 07 00 00 00 00
   57151ms 02 00 00 07 00 00 00 00
   57166ms 02 00 00 06 00 00 00 00
   57181ms 02 00 00 05 00 00 00 00
   57181ms 02 00 00 05 00 00 00 00
   57196ms 02 00 00 04 00 00 00 00
   57211ms 02 00 00 04 00 00 00 00
   57211ms 02 00 00 03 00 00 00 00
   57226ms 02 00 00 02 00 00 00 00
   57240ms 02 00 00 01 00 00 00 00
   57241ms 02 00 00 01 00 00 00 00
   57316ms 02 00 00 fe 0f 00 00 00
   57389ms 02 00 00 f9 1f 00 00 00
   57405ms 02 00 00 f8 0f 00 00 00
   57420ms 02 00 00 f8 1f 00 00 00
   57420ms 02 00 00 f8 1f 00 00 00
   57435ms 02 00 00 f8 0f 00 00 00
   57450ms 02 00 00 f8 0f 00 00 00
   57450ms 02 00 00 f9 0f 00 00 00
   57465ms 02 00 00 f9 0f 00 00 00
   57480ms 02 00 00 fa 0f 00 00 00
   57480ms 02 00 00 fb 0f 00 00 00
   57495ms 02 00 00 fc 0f 00 00 00
   57510ms 02 00 00 fd 0f 00 00 00
   57510ms 02 00 00 fe 0f 00 00 00
   57525ms 02 00 00 ff 0f 00 00 00
   57541ms 02 00 00 01 00 00 00 00
   57600ms 02 00 00 03 00 00 00 00
   57674ms 02 00 00 07 f0 ff 00 00
   57675ms 02 00 00 07 f0 ff 00 00
   57690ms 02 00 00 07 f0 ff 00 00
   57690ms 02 00 00 08 00 00 00 00
   57705ms 02 00 00 06 f0 ff 00 00
   57720ms 02 00 00 07 00 00 00 00
   57720ms 02 00 00 06 f0 ff 00 00
   57735ms 02 00 00 05 00 00 00 00
   57750ms 02 00 00 04 f0 ff 00 00
   57750ms 02 00 00 04 00 00 00 00
   57765ms 02 00 00 03 f0 ff 00 00
   57780ms 02 00 00 03 00 00 00 00
   57780ms 02 00 00 01 00 00 00 00
   57795ms 02 00 00 01 00 00 00 00
   57883ms 02 00 00 fd 0f 00 00 00
   57944ms 02 00 00 f9 0f 00 00 00
   57945ms 02 00 00 fa 0f 00 00 00
   57960ms 02 00 00 f9 0f 00 00 00
   57960ms 02 00 00 f9 0f 00 00 00
   57975ms 02 00 00 f8 1f 00 00 00
   57990ms 02 00 00 f9 0f 00 00 00
   57990ms 02 00 00 f9 1f 00 00 00
   58005ms 02 00 00 f9 0f 00 00 00
   58020ms 02 00 00 fa 1f 00 00 00
   58020ms 02 00 00 fa 0f 00 00 00
   58035ms 02 00 00 fa 1f 00 00 00
   58050ms 02 00 00 fc 1f 00 00 00
   58050ms 02 00 00 fc 1f 00 00 00
   58065ms 02 00 00 fd 0f 00 00 00
   58080ms 02 00 00 fd 0f 00 00 00
   58080ms 02 00 00 ff 0f 00 00 00
   58170ms 02 00 00 03 00 00 00 00
   58244ms 02 00 00 05 f0 ff 00 00
   58245ms 02 00 00 04 00 00 00 00
   58260ms 02 00 00 05 00 00 00 00
   58276ms 02 00 00 05 00 00 00 00
   58276ms 02 00 00 04 00 00 00 00
   58290ms 02 00 00 04 00 00 00 00
   58291ms 02 00 00 05 00 00 00 00
   58306ms 02 00 00 04 00 00 00 00
   58320ms 02 00 00 04 00 00 00 00
   58321ms 02 00 00 04 00 00 00 00
   58335ms 02 00 00 03 00 00 00 00
   58350ms 02 00 00 04 00 00 00 00
   58351ms 02 00 00 03 00 00 00 00
   58365ms 02 00 00 03 00 00 00 00
   58380ms 02 00 00 02 00 00 00 00
   58380ms 02 00 00 02 00 00 00 00
   58485ms 02 00 00 ff 0f 00 00 00
   58485ms 02 00 00 ff 0f 00 00 00
   58559ms 02 00 00 fd 0f 00 00 00
   58560ms 02 00 00 fd 0f 00 00 00
   58575ms 02 00 00 fd 0f 00 00 00
   58590ms 02 00 00 fc 0f 00 00 00
   58605ms 02 00 00 fd 0f 00 00 00
   58605ms 02 00 00 fc 0f 00 00 00
   58620ms 02 00 00 fc 0f 00 00 00
   58620ms 02 00 00 fc 0f 00 00 00
   58635ms 02 00 00 fc 0f 00 00 00
   58650ms 02 00 00 fc 0f 00 00 00
   58650ms 02 00 00 fb 0f 00 00 00
   58665ms 02 00 00 fc 0f 00 00 00
   58680ms 02 00 00 fc 0f 00 00 00
   58680ms 02 00 00 fd 0f 00 00 00
   58695ms 02 00 00 fd 0f 00 00 00
   58710ms 02 00 00 fd 0f 00 00 00
   58710ms 02 00 00 fe 0f 00 00 00
   58725ms 02 00 00 fe 0f 00 00 00
   58741ms 02 00 00 fe 0f 00 00 00
   58756ms 02 00 00 ff 0f 00 00 00
   58829ms 02 00 00 01 00 00 00 00
   58829ms 02 00 00 02 00 00 00 00
   58904ms 02 00 00 04 00 00 00 00
   58905ms 02 00 00 04 00 00 00 00
   58920ms 02 00 00 05 00 00 00 00
   58920ms 02 00 00 05 00 00 00 00
   58935ms 02 00 00 05 00 00 00 00
   58950ms 02 00 00 05 00 00 00 00
   58950ms 02 00 00 05 00 00 00 00
   58965ms 02 00 00 06 f0 ff 00 00
   58980ms 02 00 00 05 00 00 00 00
   58980ms 02 00 00 05 f0 ff 00 00
   58995ms 02 00 00 05 00 00 00 00
   59010ms 02 00 00 05 f0 ff 00 00
   59025ms 02 00 00 04 00 00 00 00
   59025ms 02 00 00 05 00 00 00 00
   59042ms 02 00 00 04 00 00 00 00
   59042ms 02 00 00 03 00 00 00 00
   59055ms 02 00 00 02 00 00 00 00
   59070ms 02 00 00 02 00 00 00 00
   59085ms 02 00 00 02 00 00 00 00
   65519ms 02 00 00 02 e0 ff 00 00
   65536ms 11 ff 07 00 00 00 00 00 00 00 00 00 00 00 00 00 00 00 00 00
