   18189ms 02 00 00 00 f0 ff 00 00
   18206ms 02 00 00 00 f0 ff 00 00
   18206ms 02 00 00 00 e0 ff 00 00
   18221ms 02 00 00 00 f0 ff 00 00
   18221ms 02 00 00 00 e0 ff 00 00
   18236ms 02 00 00 00 e0 ff 00 00
   18253ms 02 00 00 00 e0 ff 00 00
   18268ms 02 00 00 00 e0 ff 00 00
   18268ms 02 00 00 00 e0 ff 00 00
   18282ms 02 00 00 00 f0 ff 00 00
   18282ms 02 00 00 00 f0 ff 00 00
   18298ms 02 00 00 00 f0 ff 00 00
   18313ms 02 00 00 00 f0 ff 00 00
   18328ms 02 00 00 00 e0 ff 00 00
   18328ms 02 00 00 00 f0 ff 00 00
   18342ms 02 00 00 00 f0 ff 00 00
   18342ms 02 00 00 00 e0 ff 00 00
   18358ms 02 00 00 00 e0 ff 00 00
   18373ms 02 00 00 00 e0 ff 00 00
   18387ms 02 00 00 00 e0 ff 00 00
   18387ms 02 00 00 00 f0 ff 00 00
   18401ms 02 00 00 00 f0 ff 00 00
   18401ms 02 00 00 00 f0 ff 00 00
   18417ms 02 00 00 00 f0 ff 00 00
   18432ms 02 00 00 00 f0 ff 00 00
   18520ms 02 00 00 02 f0 ff 00 00
   18538ms 02 00 00 02 d0 ff 00 00
   18553ms 02 00 00 03 d0 ff 00 00
   18553ms 02 00 00 04 c0 ff 00 00
   18568ms 02 00 00 04 b0 ff 00 00
   18583ms 02 00 00 05 b0 ff 00 00
   18598ms 02 00 00 04 b0 ff 00 00
   18598ms 02 00 00 04 b0 ff 00 00
   18613ms 02 00 00 04 a0 ff 00 00
   18613ms 02 00 00 04 a0 ff 00 00
   18628ms 02 00 00 05 a0 ff 00 00
   18643ms 02 00 00 04 90 ff 00 00
   18657ms 02 00 00 05 80 ff 00 00
   18657ms 02 00 00 05 90 ff 00 00
   18672ms 02 00 00 04 90 ff 00 00
   18672ms 02 00 00 04 90 ff 00 00
   18688ms 02 00 00 03 a0 ff 00 00
   18703ms 02 00 00 02 b0 ff 00 00
   18703ms 02 00 00 02 b0 ff 00 00
   18717ms 02 00 00 02 b0 ff 00 00
   18733ms 02 00 00 01 c0 ff 00 00
   18733ms 02 00 00 00 b0 ff 00 00
   18747ms 02 00 00 00 c0 ff 00 00
   18762ms 02 00 00 00 b0 ff 00 00
   18762ms 02 00 00 01 b0 ff 00 00
   18778ms 02 00 00 01 b0 ff 00 00
   18792ms 02 00 00 01 a0 ff 00 00
   18808ms 02 00 00 01 b0 ff 00 00
   18808ms 02 00 00 01 b0 ff 00 00
   18822ms 02 00 00 00 b0 ff 00 00
   18822ms 02 00 00 00 b0 ff 00 00
   18837ms 02 00 00 ff cf ff 00 00
   18853ms 02 00 00 ff cf ff 00 00
   18867ms 02 00 00 fe cf ff 00 00
   18868ms 02 00 00 fd cf ff 00 00
   18881ms 02 00 00 fd df ff 00 00
   18882ms 02 00 00 fd cf ff 00 00
   18896ms 02 00 00 fc df ff 00 00
   18913ms 02 00 00 fd cf ff 00 00
   18928ms 02 00 00 fc df ff 00 00
   18928ms 02 00 00 fe df ff 00 00
   18942ms 02 00 00 fd df ff 00 00
   18942ms 02 00 00 fd df ff 00 00
   18958ms 02 00 00 fc df ff 00 00
   18973ms 02 00 00 fc df ff 00 00
   18987ms 02 00 00 fb df ff 00 00
   18987ms 02 00 00 fb df ff 00 00
   19001ms 02 00 00 fb cf ff 00 00
   19001ms 02 00 00 fc df ff 00 00
   19017ms 02 00 00 fb cf ff 00 00
   19033ms 02 00 00 fb df ff 00 00
   19033ms 02 00 00 fa cf ff 00 00
   19048ms 02 00 00 fa df ff 00 00
   19062ms 02 00 00 f9 ef ff 00 00
   19062ms 02 00 00 fa ef ff 00 00
   19078ms 02 00 00 f9 ef ff 00 00
   19093ms 02 00 00 fa ef ff 00 00
   19093ms 02 00 00 fa ff ff 00 00
   19108ms 02 00 00 fa ff ff 00 00
   19123ms 02 00 00 f9 ff ff 00 00
   19138ms 02 00 00 fa ff ff 00 00
   19138ms 02 00 00 f9 0f 00 00 00
   19153ms 02 00 00 f9 ff ff 00 00
   19153ms 02 00 00 fa 0f 00 00 00
   19168ms 02 00 00 f9 ff ff 00 00
   19181ms 02 00 00 f9 0f 00 00 00
   19198ms 02 00 00 f8 ff ff 00 00
   19198ms 02 00 00 f8 0f 00 00 00
   19213ms 02 00 00 f8 ff ff 00 00
   19213ms 02 00 00 f7 ff ff 00 00
   19228ms 02 00 00 f8 ff ff 00 00
   19242ms 02 00 00 f7 0f 00 00 00
   19258ms 02 00 00 f6 0f 00 00 00
   19258ms 02 00 00 f7 1f 00 00 00
   19273ms 02 00 00 f7 1f 00 00 00
   19273ms 02 00 00 f6 2f 00 00 00
   19289ms 02 00 00 f7 2f 00 00 00
   19302ms 02 00 00 f8 2f 00 00 00
   19317ms 02 00 00 f9 1f 00 00 00
   19318ms 02 00 00 fa 2f 00 00 00
   19333ms 02 00 00 fb 1f 00 00 00
   19333ms 02 00 00 fb 1f 00 00 00
   19347ms 02 00 00 fd 1f 00 00 00
   19362ms 02 00 00 fd 1f 00 00 00
   19362ms 02 00 00 fd 1f 00 00 00
   19377ms 02 00 00 ff 0f 00 00 00
   19453ms 02 00 00 05 f0 ff 00 00
   19526ms 02 00 00 09 e0 ff 00 00
   19528ms 02 00 00 0a e0 ff 00 00
   19543ms 02 00 00 0a f0 ff 00 00
   19543ms 02 00 00 0b e0 ff 00 00
   19558ms 02 00 00 0b f0 ff 00 00
   19574ms 02 00 00 0b f0 ff 00 00
   19588ms 02 00 00 0c e0 ff 00 00
   19604ms 02 00 00 0b 00 00 00 00
   19604ms 02 00 00 0b f0 ff 00 00
   19604ms 02 00 00 0b 00 00 00 00
   19617ms 02 00 00 0a 00 00 00 00
   19633ms 02 00 00 0a 00 00 00 00
   19633ms 02 00 00 0a 00 00 00 00
   19648ms 02 00 00 08 00 00 00 00
   19663ms 02 00 00 09 00 00 00 00
   19678ms 02 00 00 07 10 00 00 00
   19678ms 02 00 00 08 00 00 00 00
   19693ms 02 00 00 08 00 00 00 00
   19693ms 02 00 00 08 00 00 00 00
   19708ms 02 00 00 09 00 00 00 00
   19721ms 02 00 00 08 00 00 00 00
   19738ms 02 00 00 07 00 00 00 00
   19738ms 02 00 00 07 00 00 00 00
   19753ms 02 00 00 07 00 00 00 00
   19753ms 02 00 00 07 00 00 00 00
   19768ms 02 00 00 07 f0 ff 00 00
   19783ms 02 00 00 08 00 00 00 00
   19798ms 02 00 00 08 f0 ff 00 00
   19798ms 02 00 00 08 f0 ff 00 00
   19813ms 02 00 00 08 f0 ff 00 00
   19813ms 02 00 00 08 f0 ff 00 00
   19826ms 02 00 00 06 f0 ff 00 00
   19842ms 02 00 00 06 00 00 00 00
   19858ms 02 00 00 05 00 00 00 00
   19858ms 02 00 00 04 00 00 00 00
   19872ms 02 00 00 03 00 00 00 00
   19873ms 02 00 00 01 00 00 00 00
   19887ms 02 00 00 01 00 00 00 00
   19902ms 02 00 00 ff 0f 00 00 00
   19917ms 02 00 00 ff 0f 00 00 00
   20020ms 02 00 00 f4 1f 00 00 00
   20021ms 02 00 00 f5 1f 00 00 00
   20036ms 02 00 00 f5 1f 00 00 00
   20051ms 02 00 00 f6 1f 00 00 00
   20067ms 02 00 00 f7 2f 00 00 00
   20067ms 02 00 00 f6 1f 00 00 00
   20081ms 02 00 00 f6 2f 00 00 00
   20081ms 02 00 00 f7 2f 00 00 00
   20096ms 02 00 00 f8 2f 00 00 00
   20111ms 02 00 00 f9 2f 00 00 00
   20126ms 02 00 00 f9 2f 00 00 00
   20126ms 02 00 00 fb 1f 00 00 00
   20141ms 02 00 00 fa 2f 00 00 00
   20141ms 02 00 00 fb 1f 00 00 00
   20157ms 02 00 00 f9 2f 00 00 00
   20172ms 02 00 00 f9 1f 00 00 00
   20187ms 02 00 00 f9 1f 00 00 00
   20187ms 02 00 00 fa 1f 00 00 00
   20201ms 02 00 00 fa 2f 00 00 00
   20215ms 02 00 00 fa 1f 00 00 00
   20231ms 02 00 00 fa 1f 00 00 00
   20231ms 02 00 00 fa 2f 00 00 00
   20246ms 02 00 00 fb 1f 00 00 00
   20246ms 02 00 00 fa 1f 00 00 00
   20261ms 02 00 00 f9 1f 00 00 00
   20276ms 02 00 00 fa 1f 00 00 00
   20276ms 02 00 00 f9 2f 00 00 00
   20291ms 02 00 00 f9 1f 00 00 00
   20291ms 02 00 00 fa 2f 00 00 00
   20306ms 02 00 00 fa 1f 00 00 00
   20321ms 02 00 00 fb 1f 00 00 00
   20336ms 02 00 00 fb 0f 00 00 00
   20336ms 02 00 00 fd 0f 00 00 00
   20351ms 02 00 00 fd 0f 00 00 00
   20351ms 02 00 00 fd 0f 00 00 00
   20366ms 02 00 00 fe 0f 00 00 00
   20381ms 02 00 00 fe 0f 00 00 00
   20396ms 02 00 00 fe 0f 00 00 00
   20396ms 02 00 00 ff 0f 00 00 00
   20486ms 02 00 00 02 00 00 00 00
   20560ms 02 00 00 07 e0 ff 00 00
   20562ms 02 00 00 09 f0 ff 00 00
   20579ms 02 00 00 08 f0 ff 00 00
   20593ms 02 00 00 09 e0 ff 00 00
   20608ms 02 00 00 09 f0 ff 00 00
   20608ms 02 00 00 09 f0 ff 00 00
   20622ms 02 00 00 0a f0 ff 00 00
   20622ms 02 00 00 0a f0 ff 00 00
   20636ms 02 00 00 0a f0 ff 00 00
   20651ms 02 00 00 0a f0 ff 00 00
   20667ms 02 00 00 0a f0 ff 00 00
   20667ms 02 00 00 0a f0 ff 00 00
   20682ms 02 00 00 0b e0 ff 00 00
   20682ms 02 00 00 0a f0 ff 00 00
   20696ms 02 00 00 0b e0 ff 00 00
   20711ms 02 00 00 0a f0 ff 00 00
   20727ms 02 00 00 09 f0 ff 00 00
   20727ms 02 00 00 08 00 00 00 00
   20741ms 02 00 00 08 f0 ff 00 00
   20742ms 02 00 00 07 00 00 00 00
   20756ms 02 00 00 08 f0 ff 00 00
   20771ms 02 00 00 08 f0 ff 00 00
   20786ms 02 00 00 09 f0 ff 00 00
   20787ms 02 00 00 08 e0 ff 00 00
   20801ms 02 00 00 08 e0 ff 00 00
   20816ms 02 00 00 06 f0 ff 00 00
   20817ms 02 00 00 06 e0 ff 00 00
   20831ms 02 00 00 05 f0 ff 00 00
   20846ms 02 00 00 04 f0 ff 00 00
   20862ms 02 00 00 02 f0 ff 00 00
   20862ms 02 00 00 02 f0 ff 00 00
   20877ms 02 00 00 00 f0 ff 00 00
   20877ms 02 00 00 ff 0f 00 00 00
   20891ms 02 00 00 fe 0f 00 00 00
   20891ms 02 00 00 fe 0f 00 00 00
   20906ms 02 00 00 fc 0f 00 00 00
   20921ms 02 00 00 fa 0f 00 00 00
   20937ms 02 00 00 f9 0f 00 00 00
   20937ms 02 00 00 f9 0f 00 00 00
   20952ms 02 00 00 f8 0f 00 00 00
   20952ms 02 00 00 f8 1f 00 00 00
   20966ms 02 00 00 f7 0f 00 00 00
   20981ms 02 00 00 f7 1f 00 00 00
   20997ms 02 00 00 f7 1f 00 00 00
   20997ms 02 00 00 f6 1f 00 00 00
   21012ms 02 00 00 f7 1f 00 00 00
   21012ms 02 00 00 f7 0f 00 00 00
   21026ms 02 00 00 f7 1f 00 00 00
   21041ms 02 00 00 f7 2f 00 00 00
   21057ms 02 00 00 f7 1f 00 00 00
   21057ms 02 00 00 f6 2f 00 00 00
   21072ms 02 00 00 f5 2f 00 00 00
   21087ms 02 00 00 f5 2f 00 00 00
   21087ms 02 00 00 f6 2f 00 00 00
   21102ms 02 00 00 f5 2f 00 00 00
   21117ms 02 00 00 f6 1f 00 00 00
   21117ms 02 00 00 f6 2f 00 00 00
   21133ms 02 00 00 f8 1f 00 00 00
   21148ms 02 00 00 f7 2f 00 00 00
   21148ms 02 00 00 f8 1f 00 00 00
   21162ms 02 00 00 f8 2f 00 00 00
   21162ms 02 00 00 f9 1f 00 00 00
   21178ms 02 00 00 f9 1f 00 00 00
   21192ms 02 00 00 fb 1f 00 00 00
   21208ms 02 00 00 fb 0f 00 00 00
   21208ms 02 00 00 fb 1f 00 00 00
   21222ms 02 00 00 fd 0f 00 00 00
   21222ms 02 00 00 fd 0f 00 00 00
   21238ms 02 00 00 fe 0f 00 00 00
   21252ms 02 00 00 ff 0f 00 00 00
   21266ms 02 00 00 ff 0f 00 00 00
   21325ms 02 00 00 04 00 00 00 00
   21386ms 02 00 00 08 f0 ff 00 00
   21401ms 02 00 00 08 00 00 00 00
   21416ms 02 00 00 09 f0 ff 00 00
   21416ms 02 00 00 0b 00 00 00 00
   21431ms 02 00 00 0b 00 00 00 00
   21446ms 02 00 00 0c 00 00 00 00
   21461ms 02 00 00 0b 00 00 00 00
   21461ms 02 00 00 0c 00 00 00 00
   21476ms 02 00 00 0b 00 00 00 00
   21476ms 02 00 00 0a 00 00 00 00
   21491ms 02 00 00 0b 00 00 00 00
   21491ms 02 00 00 0b f0 ff 00 00
   21508ms 02 00 00 0a 00 00 00 00
   21523ms 02 00 00 0a f0 ff 00 00
   21538ms 02 00 00 09 00 00 00 00
   21538ms 02 00 00 09 f0 ff 00 00
   21553ms 02 00 00 08 f0 ff 00 00
   21553ms 02 00 00 08 f0 ff 00 00
   21568ms 02 00 00 08 f0 ff 00 00
   21582ms 02 00 00 08 f0 ff 00 00
   21597ms 02 00 00 07 f0 ff 00 00
   21597ms 02 00 00 06 f0 ff 00 00
   21610ms 02 00 00 05 f0 ff 00 00
   21611ms 02 00 00 03 f0 ff 00 00
   21626ms 02 00 00 02 00 00 00 00
   21643ms 02 00 00 01 00 00 00 00
   21718ms 02 00 00 fc 0f 00 00 00
   21776ms 02 00 00 f7 2f 00 00 00
   21791ms 02 00 00 f6 2f 00 00 00
   21806ms 02 00 00 f5 3f 00 00 00
   21806ms 02 00 00 f5 2f 00 00 00
   21821ms 02 00 00 f5 3f 00 00 00
   21821ms 02 00 00 f5 2f 00 00 00
   21836ms 02 00 00 f6 1f 00 00 00
   21851ms 02 00 00 f5 2f 00 00 00
   21866ms 02 00 00 f7 1f 00 00 00
   21866ms 02 00 00 f7 1f 00 00 00
   21881ms 02 00 00 f8 1f 00 00 00
   21881ms 02 00 00 f9 1f 00 00 00
   21896ms 02 00 00 fa 0f 00 00 00
   21911ms 02 00 00 fb 0f 00 00 00
   21926ms 02 00 00 fc 0f 00 00 00
   21926ms 02 00 00 fd 0f 00 00 00
   21941ms 02 00 00 fe 0f 00 00 00
   21956ms 02 00 00 fe 0f 00 00 00
   21956ms 02 00 00 ff 0f 00 00 00
   22046ms 02 00 00 03 00 00 00 00
   22108ms 02 00 00 07 00 00 00 00
   22122ms 02 00 00 07 00 00 00 00
   22137ms 02 00 00 08 00 00 00 00
   22138ms 02 00 00 08 00 00 00 00
   22152ms 02 00 00 09 00 00 00 00
   22153ms 02 00 00 09 00 00 00 00
   22166ms 02 00 00 09 00 00 00 00
   22184ms 02 00 00 0a 00 00 00 00
   22196ms 02 00 00 0b 00 00 00 00
   22196ms 02 00 00 0b 00 00 00 00
   22213ms 02 00 00 0b 10 00 00 00
   22227ms 02 00 00 0b 10 00 00 00
   22228ms 02 00 00 0b 00 00 00 00
   22244ms 02 00 00 0a 10 00 00 00
   22258ms 02 00 00 0b 00 00 00 00
   22258ms 02 00 00 09 10 00 00 00
   22272ms 02 00 00 09 00 00 00 00
   22287ms 02 00 00 07 00 00 00 00
   22288ms 02 00 00 05 00 00 00 00
   22302ms 02 00 00 03 00 00 00 00
   22318ms 02 00 00 02 00 00 00 00
   22318ms 02 00 00 01 f0 ff 00 00
   22409ms 02 00 00 fc ff ff 00 00
   22468ms 02 00 00 f9 ff ff 00 00
   22468ms 02 00 00 f9 ff ff 00 00
   22481ms 02 00 00 f8 ff ff 00 00
   22497ms 02 00 00 f8 ff ff 00 00
   22497ms 02 00 00 f6 ff ff 00 00
   22511ms 02 00 00 f7 0f 00 00 00
   22527ms 02 00 00 f6 0f 00 00 00
   22527ms 02 00 00 f6 0f 00 00 00
   22541ms 02 00 00 f6 0f 00 00 00
   22557ms 02 00 00 f5 0f 00 00 00
   22557ms 02 00 00 f4 0f 00 00 00
   22571ms 02 00 00 f3 0f 00 00 00
   22587ms 02 00 00 f4 0f 00 00 00
   22587ms 02 00 00 f4 0f 00 00 00
   22601ms 02 00 00 f4 0f 00 00 00
   22616ms 02 00 00 f6 0f 00 00 00
   22616ms 02 00 00 f6 0f 00 00 00
   22633ms 02 00 00 f7 0f 00 00 00
   22648ms 02 00 00 f9 0f 00 00 00
   22648ms 02 00 00 f9 0f 00 00 00
   22662ms 02 00 00 fa 0f 00 00 00
   22677ms 02 00 00 fb 0f 00 00 00
   22677ms 02 00 00 fd 0f 00 00 00
   22692ms 02 00 00 ff 0f 00 00 00
   22692ms 02 00 00 ff 0f 00 00 00
   22707ms 02 00 00 01 00 00 00 00
   22767ms 02 00 00 04 00 00 00 00
   22841ms 02 00 00 08 00 00 00 00
   22857ms 02 00 00 08 00 00 00 00
   22857ms 02 00 00 08 00 00 00 00
   22871ms 02 00 00 09 00 00 00 00
   22887ms 02 00 00 0a 00 00 00 00
   22887ms 02 00 00 0b 00 00 00 00
   22901ms 02 00 00 0a 00 00 00 00
   22917ms 02 00 00 0a 00 00 00 00
   22917ms 02 00 00 0b 00 00 00 00
   22931ms 02 00 00 0a 00 00 00 00
   22947ms 02 00 00 0b 00 00 00 00
   22947ms 02 00 00 0b 00 00 00 00
   22962ms 02 00 00 0a 00 00 00 00
   22977ms 02 00 00 0b 00 00 00 00
   22977ms 02 00 00 0a 00 00 00 00
   22991ms 02 00 00 0a 00 00 00 00
   23007ms 02 00 00 0a 00 00 00 00
   23007ms 02 00 00 09 00 00 00 00
   23022ms 02 00 00 09 00 00 00 00
   23022ms 02 00 00 07 00 00 00 00
   23036ms 02 00 00 07 00 00 00 00
   23051ms 02 00 00 05 00 00 00 00
   23067ms 02 00 00 04 00 00 00 00
   23067ms 02 00 00 03 00 00 00 00
   23082ms 02 00 00 02 f0 ff 00 00
   23096ms 02 00 00 01 00 00 00 00
   23155ms 02 00 00 fc ff ff 00 00
   23231ms 02 00 00 fa ff ff 00 00
   23232ms 02 00 00 f9 ef ff 00 00
   23248ms 02 00 00 f9 ff ff 00 00
   23249ms 02 00 00 f8 0f 00 00 00
   23263ms 02 00 00 f7 ff ff 00 00
   23278ms 02 00 00 f7 0f 00 00 00
   23278ms 02 00 00 f7 0f 00 00 00
   23292ms 02 00 00 f7 0f 00 00 00
   23292ms 02 00 00 f6 0f 00 00 00
   23308ms 02 00 00 f6 0f 00 00 00
   23322ms 02 00 00 f7 0f 00 00 00
   23338ms 02 00 00 f5 0f 00 00 00
   23338ms 02 00 00 f6 0f 00 00 00
   23353ms 02 00 00 f6 1f 00 00 00
   23369ms 02 00 00 f7 0f 00 00 00
   23369ms 02 00 00 f7 1f 00 00 00
   23384ms 02 00 00 f9 1f 00 00 00
   23399ms 02 00 00 f9 0f 00 00 00
   23399ms 02 00 00 fa 0f 00 00 00
   23413ms 02 00 00 fa 0f 00 00 00
   23428ms 02 00 00 fa 0f 00 00 00
   23428ms 02 00 00 fb 0f 00 00 00
   23443ms 02 00 00 fb 0f 00 00 00
   23458ms 02 00 00 fc 0f 00 00 00
   23458ms 02 00 00 fc 0f 00 00 00
   23473ms 02 00 00 fc 0f 00 00 00
   23488ms 02 00 00 fd 0f 00 00 00
   23489ms 02 00 00 fd 0f 00 00 00
   23503ms 02 00 00 fe 0f 00 00 00
   23519ms 02 00 00 fe 0f 00 00 00
   23519ms 02 00 00 fe 0f 00 00 00
   23533ms 02 00 00 ff 0f 00 00 00
   23606ms 02 00 00 02 00 00 00 00
   23681ms 02 00 00 05 00 00 00 00
   23697ms 02 00 00 05 00 00 00 00
   23697ms 02 00 00 07 00 00 00 00
   23711ms 02 00 00 06 f0 ff 00 00
   23729ms 02 00 00 08 00 00 00 00
   23729ms 02 00 00 08 00 00 00 00
   23743ms 02 00 00 09 00 00 00 00
   23758ms 02 00 00 08 00 00 00 00
   23758ms 02 00 00 08 00 00 00 00
   23774ms 02 00 00 08 00 00 00 00
   23787ms 02 00 00 09 00 00 00 00
   23788ms 02 00 00 08 00 00 00 00
   23802ms 02 00 00 0a 00 00 00 00
   23817ms 02 00 00 09 00 00 00 00
   23817ms 02 00 00 0a 00 00 00 00
   23832ms 02 00 00 09 00 00 00 00
   23848ms 02 00 00 09 00 00 00 00
   23848ms 02 00 00 08 00 00 00 00
   23863ms 02 00 00 07 00 00 00 00
   23877ms 02 00 00 05 00 00 00 00
   23877ms 02 00 00 04 00 00 00 00
   23893ms 02 00 00 02 00 00 00 00
   23893ms 02 00 00 01 00 00 00 00
   23982ms 02 00 00 fd 0f 00 00 00
   24042ms 02 00 00 fb 0f 00 00 00
   24058ms 02 00 00 fa ff ff 00 00
   24058ms 02 00 00 fa ff ff 00 00
   24073ms 02 00 00 fa 0f 00 00 00
   24089ms 02 00 00 f9 0f 00 00 00
   24089ms 02 00 00 f9 0f 00 00 00
   24102ms 02 00 00 f9 0f 00 00 00
   24117ms 02 00 00 fa 0f 00 00 00
   24117ms 02 00 00 f9 0f 00 00 00
   24133ms 02 00 00 fa 0f 00 00 00
   24148ms 02 00 00 f9 0f 00 00 00
   24148ms 02 00 00 fa 0f 00 00 00
   24164ms 02 00 00 fb 0f 00 00 00
   24177ms 02 00 00 fa 0f 00 00 00
   24178ms 02 00 00 fb 0f 00 00 00
   24194ms 02 00 00 fb 0f 00 00 00
   24208ms 02 00 00 fb 0f 00 00 00
   24208ms 02 00 00 fc 0f 00 00 00
   24221ms 02 00 00 fc 0f 00 00 00
   24238ms 02 00 00 fc 0f 00 00 00
   24238ms 02 00 00 fd 0f 00 00 00
   24252ms 02 00 00 fd 0f 00 00 00
   24267ms 02 00 00 fe 0f 00 00 00
   24267ms 02 00 00 fe 0f 00 00 00
   24282ms 02 00 00 ff 0f 00 00 00
   24298ms 02 00 00 fe 0f 00 00 00
   24298ms 02 00 00 ff 0f 00 00 00
   24313ms 02 00 00 fe 0f 00 00 00
   24327ms 02 00 00 ff 0f 00 00 00
   24327ms 02 00 00 ff 0f 00 00 00
   24415ms 02 00 00 01 00 00 00 00
   24416ms 02 00 00 02 00 00 00 00
   24505ms 02 00 00 05 00 00 00 00
   24507ms 02 00 00 05 00 00 00 00
   24523ms 02 00 00 06 00 00 00 00
   24538ms 02 00 00 05 00 00 00 00
   24538ms 02 00 00 05 00 00 00 00
   24553ms 02 00 00 06 00 00 00 00
   24568ms 02 00 00 05 00 00 00 00
   24568ms 02 00 00 05 00 00 00 00
   24584ms 02 00 00 05 00 00 00 00
   24598ms 02 00 00 05 00 00 00 00
   24598ms 02 00 00 05 10 00 00 00
   24613ms 02 00 00 05 00 00 00 00
   24628ms 02 00 00 05 00 00 00 00
   24628ms 02 00 00 05 00 00 00 00
   24644ms 02 00 00 03 00 00 00 00
   24658ms 02 00 00 03 10 00 00 00
   24658ms 02 00 00 02 00 00 00 00
   24674ms 02 00 00 02 10 00 00 00
   24688ms 02 00 00 02 00 00 00 00
   24688ms 02 00 00 02 00 00 00 00
   24704ms 02 00 00 01 00 00 00 00
   24717ms 02 00 00 01 00 00 00 00
   24717ms 02 00 00 01 00 00 00 00
   24733ms 02 00 00 01 00 00 00 00
   24748ms 02 00 00 01 00 00 00 00
   24881ms 02 00 00 ff 0f 00 00 00
   24899ms 02 00 00 ff 0f 00 00 00
   24989ms 02 00 00 f8 0f 00 00 00
   25003ms 02 00 00 f9 0f 00 00 00
   25018ms 02 00 00 f8 0f 00 00 00
   25018ms 02 00 00 f8 0f 00 00 00
   25033ms 02 00 00 f9 0f 00 00 00
   25047ms 02 00 00 f9 0f 00 00 00
   25047ms 02 00 00 fb 0f 00 00 00
   25064ms 02 00 00 fc 0f 00 00 00
   25078ms 02 00 00 fd 0f 00 00 00
   25078ms 02 00 00 fd 0f 00 00 00
   25094ms 02 00 00 fd 0f 00 00 00
   25108ms 02 00 00 fe 0f 00 00 00
   25108ms 02 00 00 fe 0f 00 00 00
   25124ms 02 00 00 ff 0f 00 00 00
   25138ms 02 00 00 ff 0f 00 00 00
   32320ms 02 00 00 02 e0 ff 00 00
